Analysis & Synthesis report for APE_Test_System_FPGA_Firmware
Fri Jan 28 14:55:07 2022
Quartus Prime Version 21.1.0 Build 842 10/21/2021 SJ Lite Edition


---------------------
; Table of Contents ;
---------------------
  1. Legal Notice
  2. Analysis & Synthesis Summary
  3. Analysis & Synthesis Settings
  4. Parallel Compilation
  5. Analysis & Synthesis Messages



----------------
; Legal Notice ;
----------------
Copyright (C) 2021  Intel Corporation. All rights reserved.
Your use of Intel Corporation's design tools, logic functions 
and other software and tools, and any partner logic 
functions, and any output files from any of the foregoing 
(including device programming or simulation files), and any 
associated documentation or information are expressly subject 
to the terms and conditions of the Intel Program License 
Subscription Agreement, the Intel Quartus Prime License Agreement,
the Intel FPGA IP License Agreement, or other applicable license
agreement, including, without limitation, that your use is for
the sole purpose of programming logic devices manufactured by
Intel and sold by Intel or its authorized distributors.  Please
refer to the applicable agreement for further details, at
https://fpgasoftware.intel.com/eula.



+----------------------------------------------------------------------------------+
; Analysis & Synthesis Summary                                                     ;
+------------------------------------+---------------------------------------------+
; Analysis & Synthesis Status        ; Failed - Fri Jan 28 14:55:07 2022           ;
; Quartus Prime Version              ; 21.1.0 Build 842 10/21/2021 SJ Lite Edition ;
; Revision Name                      ; APE_Test_System_FPGA_Firmware               ;
; Top-level Entity Name              ; APE_Test_System_FPGA_Firmware               ;
; Family                             ; Cyclone IV E                                ;
; Total logic elements               ; N/A until Partition Merge                   ;
;     Total combinational functions  ; N/A until Partition Merge                   ;
;     Dedicated logic registers      ; N/A until Partition Merge                   ;
; Total registers                    ; N/A until Partition Merge                   ;
; Total pins                         ; N/A until Partition Merge                   ;
; Total virtual pins                 ; N/A until Partition Merge                   ;
; Total memory bits                  ; N/A until Partition Merge                   ;
; Embedded Multiplier 9-bit elements ; N/A until Partition Merge                   ;
; Total PLLs                         ; N/A until Partition Merge                   ;
+------------------------------------+---------------------------------------------+


+----------------------------------------------------------------------------------------------------------------------------------+
; Analysis & Synthesis Settings                                                                                                    ;
+------------------------------------------------------------------+-------------------------------+-------------------------------+
; Option                                                           ; Setting                       ; Default Value                 ;
+------------------------------------------------------------------+-------------------------------+-------------------------------+
; Device                                                           ; EP4CE22F17C6                  ;                               ;
; Top-level entity name                                            ; APE_Test_System_FPGA_Firmware ; APE_Test_System_FPGA_Firmware ;
; Family name                                                      ; Cyclone IV E                  ; Cyclone V                     ;
; Use smart compilation                                            ; Off                           ; Off                           ;
; Enable parallel Assembler and Timing Analyzer during compilation ; On                            ; On                            ;
; Enable compact report table                                      ; Off                           ; Off                           ;
; Restructure Multiplexers                                         ; Auto                          ; Auto                          ;
; Create Debugging Nodes for IP Cores                              ; Off                           ; Off                           ;
; Preserve fewer node names                                        ; On                            ; On                            ;
; Intel FPGA IP Evaluation Mode                                    ; Enable                        ; Enable                        ;
; Verilog Version                                                  ; Verilog_2001                  ; Verilog_2001                  ;
; VHDL Version                                                     ; VHDL_1993                     ; VHDL_1993                     ;
; State Machine Processing                                         ; Auto                          ; Auto                          ;
; Safe State Machine                                               ; Off                           ; Off                           ;
; Extract Verilog State Machines                                   ; On                            ; On                            ;
; Extract VHDL State Machines                                      ; On                            ; On                            ;
; Ignore Verilog initial constructs                                ; Off                           ; Off                           ;
; Iteration limit for constant Verilog loops                       ; 5000                          ; 5000                          ;
; Iteration limit for non-constant Verilog loops                   ; 250                           ; 250                           ;
; Add Pass-Through Logic to Inferred RAMs                          ; On                            ; On                            ;
; Infer RAMs from Raw Logic                                        ; On                            ; On                            ;
; Parallel Synthesis                                               ; On                            ; On                            ;
; DSP Block Balancing                                              ; Auto                          ; Auto                          ;
; NOT Gate Push-Back                                               ; On                            ; On                            ;
; Power-Up Don't Care                                              ; On                            ; On                            ;
; Remove Redundant Logic Cells                                     ; Off                           ; Off                           ;
; Remove Duplicate Registers                                       ; On                            ; On                            ;
; Ignore CARRY Buffers                                             ; Off                           ; Off                           ;
; Ignore CASCADE Buffers                                           ; Off                           ; Off                           ;
; Ignore GLOBAL Buffers                                            ; Off                           ; Off                           ;
; Ignore ROW GLOBAL Buffers                                        ; Off                           ; Off                           ;
; Ignore LCELL Buffers                                             ; Off                           ; Off                           ;
; Ignore SOFT Buffers                                              ; On                            ; On                            ;
; Limit AHDL Integers to 32 Bits                                   ; Off                           ; Off                           ;
; Optimization Technique                                           ; Balanced                      ; Balanced                      ;
; Carry Chain Length                                               ; 70                            ; 70                            ;
; Auto Carry Chains                                                ; On                            ; On                            ;
; Auto Open-Drain Pins                                             ; On                            ; On                            ;
; Perform WYSIWYG Primitive Resynthesis                            ; Off                           ; Off                           ;
; Auto ROM Replacement                                             ; On                            ; On                            ;
; Auto RAM Replacement                                             ; On                            ; On                            ;
; Auto DSP Block Replacement                                       ; On                            ; On                            ;
; Auto Shift Register Replacement                                  ; Auto                          ; Auto                          ;
; Allow Shift Register Merging across Hierarchies                  ; Auto                          ; Auto                          ;
; Auto Clock Enable Replacement                                    ; On                            ; On                            ;
; Strict RAM Replacement                                           ; Off                           ; Off                           ;
; Allow Synchronous Control Signals                                ; On                            ; On                            ;
; Force Use of Synchronous Clear Signals                           ; Off                           ; Off                           ;
; Auto RAM Block Balancing                                         ; On                            ; On                            ;
; Auto RAM to Logic Cell Conversion                                ; Off                           ; Off                           ;
; Auto Resource Sharing                                            ; Off                           ; Off                           ;
; Allow Any RAM Size For Recognition                               ; Off                           ; Off                           ;
; Allow Any ROM Size For Recognition                               ; Off                           ; Off                           ;
; Allow Any Shift Register Size For Recognition                    ; Off                           ; Off                           ;
; Use LogicLock Constraints during Resource Balancing              ; On                            ; On                            ;
; Ignore translate_off and synthesis_off directives                ; Off                           ; Off                           ;
; Timing-Driven Synthesis                                          ; On                            ; On                            ;
; Report Parameter Settings                                        ; On                            ; On                            ;
; Report Source Assignments                                        ; On                            ; On                            ;
; Report Connectivity Checks                                       ; On                            ; On                            ;
; Ignore Maximum Fan-Out Assignments                               ; Off                           ; Off                           ;
; Synchronization Register Chain Length                            ; 2                             ; 2                             ;
; Power Optimization During Synthesis                              ; Normal compilation            ; Normal compilation            ;
; HDL message level                                                ; Level2                        ; Level2                        ;
; Suppress Register Optimization Related Messages                  ; Off                           ; Off                           ;
; Number of Removed Registers Reported in Synthesis Report         ; 5000                          ; 5000                          ;
; Number of Swept Nodes Reported in Synthesis Report               ; 5000                          ; 5000                          ;
; Number of Inverted Registers Reported in Synthesis Report        ; 100                           ; 100                           ;
; Clock MUX Protection                                             ; On                            ; On                            ;
; Auto Gated Clock Conversion                                      ; Off                           ; Off                           ;
; Block Design Naming                                              ; Auto                          ; Auto                          ;
; SDC constraint protection                                        ; Off                           ; Off                           ;
; Synthesis Effort                                                 ; Auto                          ; Auto                          ;
; Shift Register Replacement - Allow Asynchronous Clear Signal     ; On                            ; On                            ;
; Pre-Mapping Resynthesis Optimization                             ; Off                           ; Off                           ;
; Analysis & Synthesis Message Level                               ; Medium                        ; Medium                        ;
; Disable Register Merging Across Hierarchies                      ; Auto                          ; Auto                          ;
; Resource Aware Inference For Block RAM                           ; On                            ; On                            ;
+------------------------------------------------------------------+-------------------------------+-------------------------------+


+------------------------------------------+
; Parallel Compilation                     ;
+----------------------------+-------------+
; Processors                 ; Number      ;
+----------------------------+-------------+
; Number detected on machine ; 12          ;
; Maximum allowed            ; 6           ;
;                            ;             ;
; Average used               ; 1.00        ;
; Maximum used               ; 1           ;
;                            ;             ;
; Usage by Processor         ; % Time Used ;
;     Processor 1            ; 100.0%      ;
+----------------------------+-------------+


+-------------------------------+
; Analysis & Synthesis Messages ;
+-------------------------------+
Info: *******************************************************************
Info: Running Quartus Prime Analysis & Synthesis
    Info: Version 21.1.0 Build 842 10/21/2021 SJ Lite Edition
    Info: Processing started: Fri Jan 28 14:54:57 2022
Info: Command: quartus_map --read_settings_files=on --write_settings_files=off APE_Test_System_FPGA_Firmware -c APE_Test_System_FPGA_Firmware
Info (125069): Default assignment values were changed in the current version of the Quartus Prime software -- changes to default assignments values are contained in file c:/intelfpga_lite/21.1/quartus/bin64/assignment_defaults.qdf
Warning (18236): Number of processors has not been specified which may cause overloading on shared machines.  Set the global assignment NUM_PARALLEL_PROCESSORS in your QSF to an appropriate value for best performance.
Info (20030): Parallel compilation is enabled and will use 6 of the 6 processors detected
Info (12021): Found 2 design units, including 0 entities, in source file /users/user/documents/github/work/ape_test_system_fpga_firmware/testbench files/txt_util.vhd
    Info (12022): Found design unit 1: txt_util File: C:/Users/User/Documents/GitHub/Work/APE_Test_System_FPGA_Firmware/Testbench Files/txt_util.vhd Line: 6
    Info (12022): Found design unit 2: txt_util-body File: C:/Users/User/Documents/GitHub/Work/APE_Test_System_FPGA_Firmware/Testbench Files/txt_util.vhd Line: 89
Info (12021): Found 2 design units, including 1 entities, in source file version_reg.vhd
    Info (12022): Found design unit 1: Version_Reg-rtl File: C:/Users/User/Documents/GitHub/Work/APE_Test_System_FPGA_Firmware/Quartus/Version_Reg.vhd Line: 10
    Info (12023): Found entity 1: Version_Reg File: C:/Users/User/Documents/GitHub/Work/APE_Test_System_FPGA_Firmware/Quartus/Version_Reg.vhd Line: 3
Info (12021): Found 2 design units, including 1 entities, in source file /users/user/documents/github/work/ape_test_system_fpga_firmware/scr/version_logger.vhd
    Info (12022): Found design unit 1: Version_Logger-log_to_file File: C:/Users/User/Documents/GitHub/Work/APE_Test_System_FPGA_Firmware/scr/Version_Logger.vhd Line: 77
    Info (12023): Found entity 1: Version_Logger File: C:/Users/User/Documents/GitHub/Work/APE_Test_System_FPGA_Firmware/scr/Version_Logger.vhd Line: 34
Info (12021): Found 1 design units, including 0 entities, in source file /users/user/documents/github/work/ape_test_system_fpga_firmware/scr/version_ascii.vhd
    Info (12022): Found design unit 1: Version_Ascii File: C:/Users/User/Documents/GitHub/Work/APE_Test_System_FPGA_Firmware/scr/Version_Ascii.vhd Line: 6
Info (12021): Found 2 design units, including 1 entities, in source file /users/user/documents/github/work/ape_test_system_fpga_firmware/scr/spi_output_handler.vhd
    Info (12022): Found design unit 1: SPI_Output_Handler-Arch_DUT File: C:/Users/User/Documents/GitHub/Work/APE_Test_System_FPGA_Firmware/scr/SPI_Output_Handler.vhd Line: 74
    Info (12023): Found entity 1: SPI_Output_Handler File: C:/Users/User/Documents/GitHub/Work/APE_Test_System_FPGA_Firmware/scr/SPI_Output_Handler.vhd Line: 35
Info (12021): Found 2 design units, including 1 entities, in source file /users/user/documents/github/work/ape_test_system_fpga_firmware/scr/spi_io_driver.vhd
    Info (12022): Found design unit 1: SPI_IO_Driver-Arch_DUT File: C:/Users/User/Documents/GitHub/Work/APE_Test_System_FPGA_Firmware/scr/SPI_IO_Driver.vhd Line: 71
    Info (12023): Found entity 1: SPI_IO_Driver File: C:/Users/User/Documents/GitHub/Work/APE_Test_System_FPGA_Firmware/scr/SPI_IO_Driver.vhd Line: 44
Info (12021): Found 2 design units, including 1 entities, in source file /users/user/documents/github/work/ape_test_system_fpga_firmware/scr/spi_input_handler.vhd
    Info (12022): Found design unit 1: SPI_Input_Handler-Arch_DUT File: C:/Users/User/Documents/GitHub/Work/APE_Test_System_FPGA_Firmware/scr/SPI_Input_Handler.vhd Line: 72
    Info (12023): Found entity 1: SPI_Input_Handler File: C:/Users/User/Documents/GitHub/Work/APE_Test_System_FPGA_Firmware/scr/SPI_Input_Handler.vhd Line: 35
Info (12021): Found 2 design units, including 1 entities, in source file /users/user/documents/github/work/ape_test_system_fpga_firmware/scr/spi_analog_handler.vhd
    Info (12022): Found design unit 1: SPI_Analog_Handler-Arch_DUT File: C:/Users/User/Documents/GitHub/Work/APE_Test_System_FPGA_Firmware/scr/SPI_Analog_Handler.vhd Line: 72
    Info (12023): Found entity 1: SPI_Analog_Handler File: C:/Users/User/Documents/GitHub/Work/APE_Test_System_FPGA_Firmware/scr/SPI_Analog_Handler.vhd Line: 46
Info (12021): Found 2 design units, including 1 entities, in source file /users/user/documents/github/work/ape_test_system_fpga_firmware/scr/spi_analog_driver.vhd
    Info (12022): Found design unit 1: SPI_Analog_Driver-Arch_DUT File: C:/Users/User/Documents/GitHub/Work/APE_Test_System_FPGA_Firmware/scr/SPI_Analog_Driver.vhd Line: 73
    Info (12023): Found entity 1: SPI_Analog_Driver File: C:/Users/User/Documents/GitHub/Work/APE_Test_System_FPGA_Firmware/scr/SPI_Analog_Driver.vhd Line: 38
Info (12021): Found 2 design units, including 1 entities, in source file /users/user/documents/github/work/ape_test_system_fpga_firmware/scr/real_time_clock_i2c_handler.vhd
    Info (12022): Found design unit 1: Real_Time_Clock_I2C_Handler-Arch_DUT File: C:/Users/User/Documents/GitHub/Work/APE_Test_System_FPGA_Firmware/scr/Real_Time_Clock_I2C_Handler.vhd Line: 87
    Info (12023): Found entity 1: Real_Time_Clock_I2C_Handler File: C:/Users/User/Documents/GitHub/Work/APE_Test_System_FPGA_Firmware/scr/Real_Time_Clock_I2C_Handler.vhd Line: 27
Info (12021): Found 2 design units, including 1 entities, in source file /users/user/documents/github/work/ape_test_system_fpga_firmware/scr/myfifo8.vhd
    Info (12022): Found design unit 1: myfifo8-SYN File: C:/Users/User/Documents/GitHub/Work/APE_Test_System_FPGA_Firmware/scr/myfifo8.vhd Line: 55
    Info (12023): Found entity 1: myfifo8 File: C:/Users/User/Documents/GitHub/Work/APE_Test_System_FPGA_Firmware/scr/myfifo8.vhd Line: 42
Info (12021): Found 2 design units, including 1 entities, in source file /users/user/documents/github/work/ape_test_system_fpga_firmware/scr/main_mux.vhd
    Info (12022): Found design unit 1: Main_Mux-Arch_DUT File: C:/Users/User/Documents/GitHub/Work/APE_Test_System_FPGA_Firmware/scr/Main_Mux.vhd Line: 111
    Info (12023): Found entity 1: Main_Mux File: C:/Users/User/Documents/GitHub/Work/APE_Test_System_FPGA_Firmware/scr/Main_Mux.vhd Line: 39
Info (12021): Found 2 design units, including 1 entities, in source file /users/user/documents/github/work/ape_test_system_fpga_firmware/scr/main_demux.vhd
    Info (12022): Found design unit 1: Main_Demux-Arch_DUT File: C:/Users/User/Documents/GitHub/Work/APE_Test_System_FPGA_Firmware/scr/Main_Demux.vhd Line: 82
    Info (12023): Found entity 1: Main_Demux File: C:/Users/User/Documents/GitHub/Work/APE_Test_System_FPGA_Firmware/scr/Main_Demux.vhd Line: 32
Info (12021): Found 2 design units, including 1 entities, in source file /users/user/documents/github/work/ape_test_system_fpga_firmware/scr/i2c_driver.vhd
    Info (12022): Found design unit 1: I2C_Driver-logic File: C:/Users/User/Documents/GitHub/Work/APE_Test_System_FPGA_Firmware/scr/I2C_Driver.vhd Line: 40
    Info (12023): Found entity 1: I2C_Driver File: C:/Users/User/Documents/GitHub/Work/APE_Test_System_FPGA_Firmware/scr/I2C_Driver.vhd Line: 22
Info (12021): Found 2 design units, including 1 entities, in source file /users/user/documents/github/work/ape_test_system_fpga_firmware/scr/endatsniffer.vhd
    Info (12022): Found design unit 1: EndatSniffer-Arch_DUT File: C:/Users/User/Documents/GitHub/Work/APE_Test_System_FPGA_Firmware/scr/EndatSniffer.vhd Line: 61
    Info (12023): Found entity 1: EndatSniffer File: C:/Users/User/Documents/GitHub/Work/APE_Test_System_FPGA_Firmware/scr/EndatSniffer.vhd Line: 33
Info (12021): Found 2 design units, including 1 entities, in source file /users/user/documents/github/work/ape_test_system_fpga_firmware/scr/baud_rate_generator.vhd
    Info (12022): Found design unit 1: Baud_Rate_Generator-Arch_DUT File: C:/Users/User/Documents/GitHub/Work/APE_Test_System_FPGA_Firmware/scr/Baud_Rate_Generator.vhd Line: 68
    Info (12023): Found entity 1: Baud_Rate_Generator File: C:/Users/User/Documents/GitHub/Work/APE_Test_System_FPGA_Firmware/scr/Baud_Rate_Generator.vhd Line: 51
Info (12021): Found 2 design units, including 1 entities, in source file /users/user/documents/github/work/ape_test_system_fpga_firmware/scr/ape_test_system_fpga_firmware.vhd
    Info (12022): Found design unit 1: APE_Test_System_FPGA_Firmware-Arch_DUT File: C:/Users/User/Documents/GitHub/Work/APE_Test_System_FPGA_Firmware/scr/APE_Test_System_FPGA_Firmware.vhd Line: 70
    Info (12023): Found entity 1: APE_Test_System_FPGA_Firmware File: C:/Users/User/Documents/GitHub/Work/APE_Test_System_FPGA_Firmware/scr/APE_Test_System_FPGA_Firmware.vhd Line: 24
Error (10482): VHDL error at APE_Test_System_FPGA_Firmware.vhd(1415): object "SPI_IO_Driver_Version_Request_3_i" is used but not declared File: C:/Users/User/Documents/GitHub/Work/APE_Test_System_FPGA_Firmware/scr/APE_Test_System_FPGA_Firmware.vhd Line: 1415
Error: Quartus Prime Analysis & Synthesis was unsuccessful. 1 error, 1 warning
    Error: Peak virtual memory: 4819 megabytes
    Error: Processing ended: Fri Jan 28 14:55:07 2022
    Error: Elapsed time: 00:00:10
    Error: Total CPU time (on all processors): 00:00:22


