------------------------------------------------------------
Timing Analyzer Summary
------------------------------------------------------------

Type  : Slow 1200mV 85C Model Setup 'CLOCK_50'
Slack : -4.289
TNS   : -1341.480

Type  : Slow 1200mV 85C Model Hold 'CLOCK_50'
Slack : 0.269
TNS   : 0.000

Type  : Slow 1200mV 85C Model Recovery 'CLOCK_50'
Slack : -1.804
TNS   : -921.191

Type  : Slow 1200mV 85C Model Removal 'CLOCK_50'
Slack : 1.923
TNS   : 0.000

Type  : Slow 1200mV 85C Model Minimum Pulse Width 'CLOCK_50'
Slack : -3.000
TNS   : -709.000

Type  : Slow 1200mV 0C Model Setup 'CLOCK_50'
Slack : -3.716
TNS   : -1137.552

Type  : Slow 1200mV 0C Model Hold 'CLOCK_50'
Slack : 0.240
TNS   : 0.000

Type  : Slow 1200mV 0C Model Recovery 'CLOCK_50'
Slack : -1.498
TNS   : -755.132

Type  : Slow 1200mV 0C Model Removal 'CLOCK_50'
Slack : 1.721
TNS   : 0.000

Type  : Slow 1200mV 0C Model Minimum Pulse Width 'CLOCK_50'
Slack : -3.000
TNS   : -709.000

Type  : Fast 1200mV 0C Model Setup 'CLOCK_50'
Slack : -1.953
TNS   : -461.095

Type  : Fast 1200mV 0C Model Hold 'CLOCK_50'
Slack : 0.145
TNS   : 0.000

Type  : Fast 1200mV 0C Model Recovery 'CLOCK_50'
Slack : -0.662
TNS   : -310.652

Type  : Fast 1200mV 0C Model Removal 'CLOCK_50'
Slack : 1.118
TNS   : 0.000

Type  : Fast 1200mV 0C Model Minimum Pulse Width 'CLOCK_50'
Slack : -3.000
TNS   : -920.297

------------------------------------------------------------
