------------------------------------------------------------
Timing Analyzer Summary
------------------------------------------------------------

Type  : Slow 1200mV 85C Model Setup 'CLOCK_50'
Slack : -3.758
TNS   : -1152.946

Type  : Slow 1200mV 85C Model Hold 'CLOCK_50'
Slack : 0.264
TNS   : 0.000

Type  : Slow 1200mV 85C Model Recovery 'CLOCK_50'
Slack : -1.663
TNS   : -716.793

Type  : Slow 1200mV 85C Model Removal 'CLOCK_50'
Slack : 1.785
TNS   : 0.000

Type  : Slow 1200mV 85C Model Minimum Pulse Width 'CLOCK_50'
Slack : -3.000
TNS   : -629.000

Type  : Slow 1200mV 0C Model Setup 'CLOCK_50'
Slack : -3.240
TNS   : -978.361

Type  : Slow 1200mV 0C Model Hold 'CLOCK_50'
Slack : 0.236
TNS   : 0.000

Type  : Slow 1200mV 0C Model Recovery 'CLOCK_50'
Slack : -1.363
TNS   : -575.302

Type  : Slow 1200mV 0C Model Removal 'CLOCK_50'
Slack : 1.588
TNS   : 0.000

Type  : Slow 1200mV 0C Model Minimum Pulse Width 'CLOCK_50'
Slack : -3.000
TNS   : -629.000

Type  : Fast 1200mV 0C Model Setup 'CLOCK_50'
Slack : -1.730
TNS   : -382.751

Type  : Fast 1200mV 0C Model Hold 'CLOCK_50'
Slack : 0.143
TNS   : 0.000

Type  : Fast 1200mV 0C Model Recovery 'CLOCK_50'
Slack : -0.574
TNS   : -217.694

Type  : Fast 1200mV 0C Model Removal 'CLOCK_50'
Slack : 1.049
TNS   : 0.000

Type  : Fast 1200mV 0C Model Minimum Pulse Width 'CLOCK_50'
Slack : -3.000
TNS   : -818.846

------------------------------------------------------------
